<?xml version="1.0" encoding="utf-8"?>
<testsuites name="pytest tests">
    <testsuite name="pytest" errors="0" failures="2" skipped="0" tests="18" time="0.717" timestamp="2025-11-20T07:17:18.983952+08:00" hostname="GT14">
        <testcase classname="tests.test_auth" name="test_register" time="0.144" />
        <testcase classname="tests.test_auth" name="test_register_validate_input[--Username is required.]" time="0.016" />
        <testcase classname="tests.test_auth" name="test_register_validate_input[a--Password is required.]" time="0.020" />
        <testcase classname="tests.test_auth" name="test_register_validate_input[test-test-already registered]" time="0.109" />
        <testcase classname="tests.test_auth" name="test_login" time="0.046" />
        <testcase classname="tests.test_auth" name="test_login_validate_input[a-test-Incorrect username.]" time="0.021" />
        <testcase classname="tests.test_auth" name="test_login_validate_input[test-a-Incorrect password.]" time="0.038" />
        <testcase classname="tests.test_auth" name="test_logout" time="0.035" />
        <testcase classname="tests.test_blog" name="test_index" time="0.043" />
        <testcase classname="tests.test_blog" name="test_login_required[/create-POST]" time="0.014" />
        <testcase classname="tests.test_blog" name="test_login_required[/update/1-POST]" time="0.014" />
        <testcase classname="tests.test_blog" name="test_login_required[/delete/1-DELETE]" time="0.014" />
        <testcase classname="tests.test_blog" name="test_exists_required[/update/2-POST]" time="0.033">
            <failure message="assert 404 == 403&#10; +  where 404 = &lt;WrapperTestResponse streamed [404 NOT FOUND]&gt;.status_code">client = &lt;FlaskClient &lt;Flask 'src.flask_learn'&gt;&gt;, auth = &lt;conftest.AuthActions object at 0x0000021530D86EA0&gt;, path = '/update/2', method = 'POST'

    @pytest.mark.parametrize(
        ('path', 'method'),
        (
            ('/update/2', 'POST'),
            ('/delete/2', 'DELETE'),
        ),
    )
    def test_exists_required(client, auth, path, method):
        auth.login()
        if method == 'POST':
            response = client.post(path)
        else:
            response = client.delete(path)
&gt;       assert response.status_code == 403
E       assert 404 == 403
E        +  where 404 = &lt;WrapperTestResponse streamed [404 NOT FOUND]&gt;.status_code

tests\test_blog.py:48: AssertionError</failure>
        </testcase>
        <testcase classname="tests.test_blog" name="test_exists_required[/delete/2-DELETE]" time="0.034">
            <failure message="assert 404 == 403&#10; +  where 404 = &lt;WrapperTestResponse streamed [404 NOT FOUND]&gt;.status_code">client = &lt;FlaskClient &lt;Flask 'src.flask_learn'&gt;&gt;, auth = &lt;conftest.AuthActions object at 0x0000021530D5EE70&gt;, path = '/delete/2', method = 'DELETE'

    @pytest.mark.parametrize(
        ('path', 'method'),
        (
            ('/update/2', 'POST'),
            ('/delete/2', 'DELETE'),
        ),
    )
    def test_exists_required(client, auth, path, method):
        auth.login()
        if method == 'POST':
            response = client.post(path)
        else:
            response = client.delete(path)
&gt;       assert response.status_code == 403
E       assert 404 == 403
E        +  where 404 = &lt;WrapperTestResponse streamed [404 NOT FOUND]&gt;.status_code

tests\test_blog.py:48: AssertionError</failure>
        </testcase>
        <testcase classname="tests.test_db" name="test_get_close_db" time="0.014" />
        <testcase classname="tests.test_db" name="test_init_db_command" time="0.015" />
        <testcase classname="tests.test_factory" name="test_config" time="0.006" />
        <testcase classname="tests.test_factory" name="test_hello" time="0.014" />
    </testsuite>
</testsuites>